C:/Users/caiom/STM32CubeIDE/lorawan/STM32CubeExpansion_LRWAN_V2.1.0/Projects/B-L072Z-LRWAN1/Applications/LoRaWAN/LoRaWAN_End_Node/Core/Src/stm32l0xx_it.c:79:6:NMI_Handler	0	static
C:/Users/caiom/STM32CubeIDE/lorawan/STM32CubeExpansion_LRWAN_V2.1.0/Projects/B-L072Z-LRWAN1/Applications/LoRaWAN/LoRaWAN_End_Node/Core/Src/stm32l0xx_it.c:94:6:HardFault_Handler	0	static
C:/Users/caiom/STM32CubeIDE/lorawan/STM32CubeExpansion_LRWAN_V2.1.0/Projects/B-L072Z-LRWAN1/Applications/LoRaWAN/LoRaWAN_End_Node/Core/Src/stm32l0xx_it.c:109:6:MemManage_Handler	0	static
C:/Users/caiom/STM32CubeIDE/lorawan/STM32CubeExpansion_LRWAN_V2.1.0/Projects/B-L072Z-LRWAN1/Applications/LoRaWAN/LoRaWAN_End_Node/Core/Src/stm32l0xx_it.c:124:6:BusFault_Handler	0	static
C:/Users/caiom/STM32CubeIDE/lorawan/STM32CubeExpansion_LRWAN_V2.1.0/Projects/B-L072Z-LRWAN1/Applications/LoRaWAN/LoRaWAN_End_Node/Core/Src/stm32l0xx_it.c:139:6:UsageFault_Handler	0	static
C:/Users/caiom/STM32CubeIDE/lorawan/STM32CubeExpansion_LRWAN_V2.1.0/Projects/B-L072Z-LRWAN1/Applications/LoRaWAN/LoRaWAN_End_Node/Core/Src/stm32l0xx_it.c:154:6:SVC_Handler	0	static
C:/Users/caiom/STM32CubeIDE/lorawan/STM32CubeExpansion_LRWAN_V2.1.0/Projects/B-L072Z-LRWAN1/Applications/LoRaWAN/LoRaWAN_End_Node/Core/Src/stm32l0xx_it.c:167:6:DebugMon_Handler	0	static
C:/Users/caiom/STM32CubeIDE/lorawan/STM32CubeExpansion_LRWAN_V2.1.0/Projects/B-L072Z-LRWAN1/Applications/LoRaWAN/LoRaWAN_End_Node/Core/Src/stm32l0xx_it.c:180:6:PendSV_Handler	0	static
C:/Users/caiom/STM32CubeIDE/lorawan/STM32CubeExpansion_LRWAN_V2.1.0/Projects/B-L072Z-LRWAN1/Applications/LoRaWAN/LoRaWAN_End_Node/Core/Src/stm32l0xx_it.c:193:6:SysTick_Handler	8	static
C:/Users/caiom/STM32CubeIDE/lorawan/STM32CubeExpansion_LRWAN_V2.1.0/Projects/B-L072Z-LRWAN1/Applications/LoRaWAN/LoRaWAN_End_Node/Core/Src/stm32l0xx_it.c:220:6:EXTI0_1_IRQHandler	8	static
C:/Users/caiom/STM32CubeIDE/lorawan/STM32CubeExpansion_LRWAN_V2.1.0/Projects/B-L072Z-LRWAN1/Applications/LoRaWAN/LoRaWAN_End_Node/Core/Src/stm32l0xx_it.c:228:6:EXTI2_3_IRQHandler	8	static
C:/Users/caiom/STM32CubeIDE/lorawan/STM32CubeExpansion_LRWAN_V2.1.0/Projects/B-L072Z-LRWAN1/Applications/LoRaWAN/LoRaWAN_End_Node/Core/Src/stm32l0xx_it.c:238:6:EXTI4_15_IRQHandler	8	static
C:/Users/caiom/STM32CubeIDE/lorawan/STM32CubeExpansion_LRWAN_V2.1.0/Projects/B-L072Z-LRWAN1/Applications/LoRaWAN/LoRaWAN_End_Node/Core/Src/stm32l0xx_it.c:257:6:DMA1_Channel4_5_6_7_IRQHandler	8	static
C:/Users/caiom/STM32CubeIDE/lorawan/STM32CubeExpansion_LRWAN_V2.1.0/Projects/B-L072Z-LRWAN1/Applications/LoRaWAN/LoRaWAN_End_Node/Core/Src/stm32l0xx_it.c:274:6:USART2_IRQHandler	8	static
C:/Users/caiom/STM32CubeIDE/lorawan/STM32CubeExpansion_LRWAN_V2.1.0/Projects/B-L072Z-LRWAN1/Applications/LoRaWAN/LoRaWAN_End_Node/Core/Src/stm32l0xx_it.c:284:6:SPI2_IRQHandler	8	static
C:/Users/caiom/STM32CubeIDE/lorawan/STM32CubeExpansion_LRWAN_V2.1.0/Projects/B-L072Z-LRWAN1/Applications/LoRaWAN/LoRaWAN_End_Node/Core/Src/stm32l0xx_it.c:296:6:RTC_IRQHandler	8	static
