C:/Users/caiom/STM32CubeIDE/lorawan/STM32CubeExpansion_LRWAN_V2.1.0/Projects/B-L072Z-LRWAN1/Applications/LoRaWAN/LoRaWAN_End_Node/Core/Src/usart.c:32:6:MX_USART2_UART_Init	8	static
C:/Users/caiom/STM32CubeIDE/lorawan/STM32CubeExpansion_LRWAN_V2.1.0/Projects/B-L072Z-LRWAN1/Applications/LoRaWAN/LoRaWAN_End_Node/Core/Src/usart.c:60:6:HAL_UART_MspInit	96	static
C:/Users/caiom/STM32CubeIDE/lorawan/STM32CubeExpansion_LRWAN_V2.1.0/Projects/B-L072Z-LRWAN1/Applications/LoRaWAN/LoRaWAN_End_Node/Core/Src/usart.c:148:6:HAL_UART_MspDeInit	8	static
