C:/Users/caiom/STM32CubeIDE/lorawan/STM32CubeExpansion_LRWAN_V2.1.0/Drivers/STM32L0xx_HAL_Driver/Src/stm32l0xx_hal_spi.c:3880:13:SPI_AbortRx_ISR	16	static
C:/Users/caiom/STM32CubeIDE/lorawan/STM32CubeExpansion_LRWAN_V2.1.0/Drivers/STM32L0xx_HAL_Driver/Src/stm32l0xx_hal_spi.c:3913:13:SPI_AbortTx_ISR	0	static
C:/Users/caiom/STM32CubeIDE/lorawan/STM32CubeExpansion_LRWAN_V2.1.0/Drivers/STM32L0xx_HAL_Driver/Src/stm32l0xx_hal_spi.c:3504:26:SPI_WaitFlagStateUntilTimeout	40	static
C:/Users/caiom/STM32CubeIDE/lorawan/STM32CubeExpansion_LRWAN_V2.1.0/Drivers/STM32L0xx_HAL_Driver/Src/stm32l0xx_hal_spi.c:3621:26:SPI_EndRxTxTransaction	32	static
C:/Users/caiom/STM32CubeIDE/lorawan/STM32CubeExpansion_LRWAN_V2.1.0/Drivers/STM32L0xx_HAL_Driver/Src/stm32l0xx_hal_spi.c:3571:26:SPI_EndRxTransaction	32	static
C:/Users/caiom/STM32CubeIDE/lorawan/STM32CubeExpansion_LRWAN_V2.1.0/Drivers/STM32L0xx_HAL_Driver/Src/stm32l0xx_hal_spi.c:490:13:HAL_SPI_MspInit	0	static
C:/Users/caiom/STM32CubeIDE/lorawan/STM32CubeExpansion_LRWAN_V2.1.0/Drivers/STM32L0xx_HAL_Driver/Src/stm32l0xx_hal_spi.c:320:19:HAL_SPI_Init	24	static
C:/Users/caiom/STM32CubeIDE/lorawan/STM32CubeExpansion_LRWAN_V2.1.0/Drivers/STM32L0xx_HAL_Driver/Src/stm32l0xx_hal_spi.c:506:13:HAL_SPI_MspDeInit	0	static
C:/Users/caiom/STM32CubeIDE/lorawan/STM32CubeExpansion_LRWAN_V2.1.0/Drivers/STM32L0xx_HAL_Driver/Src/stm32l0xx_hal_spi.c:446:19:HAL_SPI_DeInit	16	static
C:/Users/caiom/STM32CubeIDE/lorawan/STM32CubeExpansion_LRWAN_V2.1.0/Drivers/STM32L0xx_HAL_Driver/Src/stm32l0xx_hal_spi.c:778:19:HAL_SPI_Transmit	40	static
C:/Users/caiom/STM32CubeIDE/lorawan/STM32CubeExpansion_LRWAN_V2.1.0/Drivers/STM32L0xx_HAL_Driver/Src/stm32l0xx_hal_spi.c:1150:19:HAL_SPI_TransmitReceive	48	static
C:/Users/caiom/STM32CubeIDE/lorawan/STM32CubeExpansion_LRWAN_V2.1.0/Drivers/STM32L0xx_HAL_Driver/Src/stm32l0xx_hal_spi.c:950:19:HAL_SPI_Receive	48	static
C:/Users/caiom/STM32CubeIDE/lorawan/STM32CubeExpansion_LRWAN_V2.1.0/Drivers/STM32L0xx_HAL_Driver/Src/stm32l0xx_hal_spi.c:1377:19:HAL_SPI_Transmit_IT	16	static
C:/Users/caiom/STM32CubeIDE/lorawan/STM32CubeExpansion_LRWAN_V2.1.0/Drivers/STM32L0xx_HAL_Driver/Src/stm32l0xx_hal_spi.c:1570:19:HAL_SPI_TransmitReceive_IT	32	static
C:/Users/caiom/STM32CubeIDE/lorawan/STM32CubeExpansion_LRWAN_V2.1.0/Drivers/STM32L0xx_HAL_Driver/Src/stm32l0xx_hal_spi.c:1469:19:HAL_SPI_Receive_IT	24	static
C:/Users/caiom/STM32CubeIDE/lorawan/STM32CubeExpansion_LRWAN_V2.1.0/Drivers/STM32L0xx_HAL_Driver/Src/stm32l0xx_hal_spi.c:1666:19:HAL_SPI_Transmit_DMA	32	static
C:/Users/caiom/STM32CubeIDE/lorawan/STM32CubeExpansion_LRWAN_V2.1.0/Drivers/STM32L0xx_HAL_Driver/Src/stm32l0xx_hal_spi.c:1889:19:HAL_SPI_TransmitReceive_DMA	32	static
C:/Users/caiom/STM32CubeIDE/lorawan/STM32CubeExpansion_LRWAN_V2.1.0/Drivers/STM32L0xx_HAL_Driver/Src/stm32l0xx_hal_spi.c:1774:19:HAL_SPI_Receive_DMA	32	static
C:/Users/caiom/STM32CubeIDE/lorawan/STM32CubeExpansion_LRWAN_V2.1.0/Drivers/STM32L0xx_HAL_Driver/Src/stm32l0xx_hal_spi.c:2035:19:HAL_SPI_Abort	24	static
C:/Users/caiom/STM32CubeIDE/lorawan/STM32CubeExpansion_LRWAN_V2.1.0/Drivers/STM32L0xx_HAL_Driver/Src/stm32l0xx_hal_spi.c:2341:19:HAL_SPI_DMAPause	0	static
C:/Users/caiom/STM32CubeIDE/lorawan/STM32CubeExpansion_LRWAN_V2.1.0/Drivers/STM32L0xx_HAL_Driver/Src/stm32l0xx_hal_spi.c:2361:19:HAL_SPI_DMAResume	0	static
C:/Users/caiom/STM32CubeIDE/lorawan/STM32CubeExpansion_LRWAN_V2.1.0/Drivers/STM32L0xx_HAL_Driver/Src/stm32l0xx_hal_spi.c:2381:19:HAL_SPI_DMAStop	16	static
C:/Users/caiom/STM32CubeIDE/lorawan/STM32CubeExpansion_LRWAN_V2.1.0/Drivers/STM32L0xx_HAL_Driver/Src/stm32l0xx_hal_spi.c:2528:13:HAL_SPI_TxCpltCallback	0	static
C:/Users/caiom/STM32CubeIDE/lorawan/STM32CubeExpansion_LRWAN_V2.1.0/Drivers/STM32L0xx_HAL_Driver/Src/stm32l0xx_hal_spi.c:2544:13:HAL_SPI_RxCpltCallback	0	static
C:/Users/caiom/STM32CubeIDE/lorawan/STM32CubeExpansion_LRWAN_V2.1.0/Drivers/STM32L0xx_HAL_Driver/Src/stm32l0xx_hal_spi.c:2560:13:HAL_SPI_TxRxCpltCallback	0	static
C:/Users/caiom/STM32CubeIDE/lorawan/STM32CubeExpansion_LRWAN_V2.1.0/Drivers/STM32L0xx_HAL_Driver/Src/stm32l0xx_hal_spi.c:2576:13:HAL_SPI_TxHalfCpltCallback	0	static
C:/Users/caiom/STM32CubeIDE/lorawan/STM32CubeExpansion_LRWAN_V2.1.0/Drivers/STM32L0xx_HAL_Driver/Src/stm32l0xx_hal_spi.c:2930:13:SPI_DMAHalfTransmitCplt	8	static
C:/Users/caiom/STM32CubeIDE/lorawan/STM32CubeExpansion_LRWAN_V2.1.0/Drivers/STM32L0xx_HAL_Driver/Src/stm32l0xx_hal_spi.c:2592:13:HAL_SPI_RxHalfCpltCallback	0	static
C:/Users/caiom/STM32CubeIDE/lorawan/STM32CubeExpansion_LRWAN_V2.1.0/Drivers/STM32L0xx_HAL_Driver/Src/stm32l0xx_hal_spi.c:2948:13:SPI_DMAHalfReceiveCplt	8	static
C:/Users/caiom/STM32CubeIDE/lorawan/STM32CubeExpansion_LRWAN_V2.1.0/Drivers/STM32L0xx_HAL_Driver/Src/stm32l0xx_hal_spi.c:2608:13:HAL_SPI_TxRxHalfCpltCallback	0	static
C:/Users/caiom/STM32CubeIDE/lorawan/STM32CubeExpansion_LRWAN_V2.1.0/Drivers/STM32L0xx_HAL_Driver/Src/stm32l0xx_hal_spi.c:2966:13:SPI_DMAHalfTransmitReceiveCplt	8	static
C:/Users/caiom/STM32CubeIDE/lorawan/STM32CubeExpansion_LRWAN_V2.1.0/Drivers/STM32L0xx_HAL_Driver/Src/stm32l0xx_hal_spi.c:2624:13:HAL_SPI_ErrorCallback	0	static
C:/Users/caiom/STM32CubeIDE/lorawan/STM32CubeExpansion_LRWAN_V2.1.0/Drivers/STM32L0xx_HAL_Driver/Src/stm32l0xx_hal_spi.c:3819:13:SPI_CloseTx_ISR	16	static
C:/Users/caiom/STM32CubeIDE/lorawan/STM32CubeExpansion_LRWAN_V2.1.0/Drivers/STM32L0xx_HAL_Driver/Src/stm32l0xx_hal_spi.c:3449:13:SPI_TxISR_8BIT	8	static
C:/Users/caiom/STM32CubeIDE/lorawan/STM32CubeExpansion_LRWAN_V2.1.0/Drivers/STM32L0xx_HAL_Driver/Src/stm32l0xx_hal_spi.c:3474:13:SPI_TxISR_16BIT	8	static
C:/Users/caiom/STM32CubeIDE/lorawan/STM32CubeExpansion_LRWAN_V2.1.0/Drivers/STM32L0xx_HAL_Driver/Src/stm32l0xx_hal_spi.c:3756:13:SPI_CloseRx_ISR	16	static
C:/Users/caiom/STM32CubeIDE/lorawan/STM32CubeExpansion_LRWAN_V2.1.0/Drivers/STM32L0xx_HAL_Driver/Src/stm32l0xx_hal_spi.c:3364:13:SPI_RxISR_8BIT	8	static
C:/Users/caiom/STM32CubeIDE/lorawan/STM32CubeExpansion_LRWAN_V2.1.0/Drivers/STM32L0xx_HAL_Driver/Src/stm32l0xx_hal_spi.c:3342:13:SPI_RxISR_8BITCRC	16	static
C:/Users/caiom/STM32CubeIDE/lorawan/STM32CubeExpansion_LRWAN_V2.1.0/Drivers/STM32L0xx_HAL_Driver/Src/stm32l0xx_hal_spi.c:3416:13:SPI_RxISR_16BIT	8	static
C:/Users/caiom/STM32CubeIDE/lorawan/STM32CubeExpansion_LRWAN_V2.1.0/Drivers/STM32L0xx_HAL_Driver/Src/stm32l0xx_hal_spi.c:3398:13:SPI_RxISR_16BITCRC	8	static
C:/Users/caiom/STM32CubeIDE/lorawan/STM32CubeExpansion_LRWAN_V2.1.0/Drivers/STM32L0xx_HAL_Driver/Src/stm32l0xx_hal_spi.c:3661:13:SPI_CloseRxTx_ISR	16	static
C:/Users/caiom/STM32CubeIDE/lorawan/STM32CubeExpansion_LRWAN_V2.1.0/Drivers/STM32L0xx_HAL_Driver/Src/stm32l0xx_hal_spi.c:3216:13:SPI_2linesTxISR_8BIT	8	static
C:/Users/caiom/STM32CubeIDE/lorawan/STM32CubeExpansion_LRWAN_V2.1.0/Drivers/STM32L0xx_HAL_Driver/Src/stm32l0xx_hal_spi.c:3153:13:SPI_2linesRxISR_8BIT	8	static
C:/Users/caiom/STM32CubeIDE/lorawan/STM32CubeExpansion_LRWAN_V2.1.0/Drivers/STM32L0xx_HAL_Driver/Src/stm32l0xx_hal_spi.c:3188:13:SPI_2linesRxISR_8BITCRC	16	static
C:/Users/caiom/STM32CubeIDE/lorawan/STM32CubeExpansion_LRWAN_V2.1.0/Drivers/STM32L0xx_HAL_Driver/Src/stm32l0xx_hal_spi.c:3304:13:SPI_2linesTxISR_16BIT	8	static
C:/Users/caiom/STM32CubeIDE/lorawan/STM32CubeExpansion_LRWAN_V2.1.0/Drivers/STM32L0xx_HAL_Driver/Src/stm32l0xx_hal_spi.c:3252:13:SPI_2linesRxISR_16BIT	8	static
C:/Users/caiom/STM32CubeIDE/lorawan/STM32CubeExpansion_LRWAN_V2.1.0/Drivers/STM32L0xx_HAL_Driver/Src/stm32l0xx_hal_spi.c:3286:13:SPI_2linesRxISR_16BITCRC	8	static
C:/Users/caiom/STM32CubeIDE/lorawan/STM32CubeExpansion_LRWAN_V2.1.0/Drivers/STM32L0xx_HAL_Driver/Src/stm32l0xx_hal_spi.c:2984:13:SPI_DMAError	8	static
C:/Users/caiom/STM32CubeIDE/lorawan/STM32CubeExpansion_LRWAN_V2.1.0/Drivers/STM32L0xx_HAL_Driver/Src/stm32l0xx_hal_spi.c:2714:13:SPI_DMATransmitCplt	24	static
C:/Users/caiom/STM32CubeIDE/lorawan/STM32CubeExpansion_LRWAN_V2.1.0/Drivers/STM32L0xx_HAL_Driver/Src/stm32l0xx_hal_spi.c:2771:13:SPI_DMAReceiveCplt	24	static
C:/Users/caiom/STM32CubeIDE/lorawan/STM32CubeExpansion_LRWAN_V2.1.0/Drivers/STM32L0xx_HAL_Driver/Src/stm32l0xx_hal_spi.c:2855:13:SPI_DMATransmitReceiveCplt	24	static
C:/Users/caiom/STM32CubeIDE/lorawan/STM32CubeExpansion_LRWAN_V2.1.0/Drivers/STM32L0xx_HAL_Driver/Src/stm32l0xx_hal_spi.c:2421:6:HAL_SPI_IRQHandler	40	static
C:/Users/caiom/STM32CubeIDE/lorawan/STM32CubeExpansion_LRWAN_V2.1.0/Drivers/STM32L0xx_HAL_Driver/Src/stm32l0xx_hal_spi.c:3007:13:SPI_DMAAbortOnError	8	static
C:/Users/caiom/STM32CubeIDE/lorawan/STM32CubeExpansion_LRWAN_V2.1.0/Drivers/STM32L0xx_HAL_Driver/Src/stm32l0xx_hal_spi.c:2642:13:HAL_SPI_AbortCpltCallback	0	static
C:/Users/caiom/STM32CubeIDE/lorawan/STM32CubeExpansion_LRWAN_V2.1.0/Drivers/STM32L0xx_HAL_Driver/Src/stm32l0xx_hal_spi.c:2180:19:HAL_SPI_Abort_IT	32	static
C:/Users/caiom/STM32CubeIDE/lorawan/STM32CubeExpansion_LRWAN_V2.1.0/Drivers/STM32L0xx_HAL_Driver/Src/stm32l0xx_hal_spi.c:3094:13:SPI_DMARxAbortCallback	24	static
C:/Users/caiom/STM32CubeIDE/lorawan/STM32CubeExpansion_LRWAN_V2.1.0/Drivers/STM32L0xx_HAL_Driver/Src/stm32l0xx_hal_spi.c:3029:13:SPI_DMATxAbortCallback	24	static
C:/Users/caiom/STM32CubeIDE/lorawan/STM32CubeExpansion_LRWAN_V2.1.0/Drivers/STM32L0xx_HAL_Driver/Src/stm32l0xx_hal_spi.c:2677:22:HAL_SPI_GetState	0	static
C:/Users/caiom/STM32CubeIDE/lorawan/STM32CubeExpansion_LRWAN_V2.1.0/Drivers/STM32L0xx_HAL_Driver/Src/stm32l0xx_hal_spi.c:2689:10:HAL_SPI_GetError	0	static
