C:/Users/caiom/STM32CubeIDE/lorawan/STM32CubeExpansion_LRWAN_V2.1.0/Projects/B-L072Z-LRWAN1/Applications/LoRaWAN/LoRaWAN_End_Node/Core/Src/main.c:101:6:SystemClock_Config	4
C:/Users/caiom/STM32CubeIDE/lorawan/STM32CubeExpansion_LRWAN_V2.1.0/Projects/B-L072Z-LRWAN1/Applications/LoRaWAN/LoRaWAN_End_Node/Core/Src/main.c:72:5:main	4
C:/Users/caiom/STM32CubeIDE/lorawan/STM32CubeExpansion_LRWAN_V2.1.0/Projects/B-L072Z-LRWAN1/Applications/LoRaWAN/LoRaWAN_End_Node/Core/Src/main.c:154:6:HAL_SPI_RxCpltCallback	2
C:/Users/caiom/STM32CubeIDE/lorawan/STM32CubeExpansion_LRWAN_V2.1.0/Projects/B-L072Z-LRWAN1/Applications/LoRaWAN/LoRaWAN_End_Node/Core/Src/main.c:169:6:HAL_SPI_TxCpltCallback	2
C:/Users/caiom/STM32CubeIDE/lorawan/STM32CubeExpansion_LRWAN_V2.1.0/Projects/B-L072Z-LRWAN1/Applications/LoRaWAN/LoRaWAN_End_Node/Core/Src/main.c:182:6:Error_Handler	1
