C:/Users/caiom/STM32CubeIDE/lorawan/STM32CubeExpansion_LRWAN_V2.1.0/Middlewares/Third_Party/LoRaWAN/Mac/Region/RegionAU915.c:84:20:GetTimeOnAir	32	static
C:/Users/caiom/STM32CubeIDE/lorawan/STM32CubeExpansion_LRWAN_V2.1.0/Middlewares/Third_Party/LoRaWAN/Mac/Region/RegionAU915.c:60:13:VerifyRfFreq	8	static
C:/Users/caiom/STM32CubeIDE/lorawan/STM32CubeExpansion_LRWAN_V2.1.0/Middlewares/Third_Party/LoRaWAN/Mac/Region/RegionAU915.c:93:12:RegionAU915GetPhyParam	24	static
C:/Users/caiom/STM32CubeIDE/lorawan/STM32CubeExpansion_LRWAN_V2.1.0/Middlewares/Third_Party/LoRaWAN/Mac/Region/RegionAU915.c:345:6:RegionAU915SetBandTxDone	24	static
C:/Users/caiom/STM32CubeIDE/lorawan/STM32CubeExpansion_LRWAN_V2.1.0/Middlewares/Third_Party/LoRaWAN/Mac/Region/RegionAU915.c:353:6:RegionAU915InitDefaults	48	static
C:/Users/caiom/STM32CubeIDE/lorawan/STM32CubeExpansion_LRWAN_V2.1.0/Middlewares/Third_Party/LoRaWAN/Mac/Region/RegionAU915.c:448:6:RegionAU915Verify	8	static
C:/Users/caiom/STM32CubeIDE/lorawan/STM32CubeExpansion_LRWAN_V2.1.0/Middlewares/Third_Party/LoRaWAN/Mac/Region/RegionAU915.c:498:6:RegionAU915ApplyCFList	20	static
C:/Users/caiom/STM32CubeIDE/lorawan/STM32CubeExpansion_LRWAN_V2.1.0/Middlewares/Third_Party/LoRaWAN/Mac/Region/RegionAU915.c:528:6:RegionAU915ChanMaskSet	16	static
C:/Users/caiom/STM32CubeIDE/lorawan/STM32CubeExpansion_LRWAN_V2.1.0/Middlewares/Third_Party/LoRaWAN/Mac/Region/RegionAU915.c:560:6:RegionAU915ComputeRxWindowParameters	32	static
C:/Users/caiom/STM32CubeIDE/lorawan/STM32CubeExpansion_LRWAN_V2.1.0/Middlewares/Third_Party/LoRaWAN/Mac/Region/RegionAU915.c:575:6:RegionAU915RxConfig	80	static
C:/Users/caiom/STM32CubeIDE/lorawan/STM32CubeExpansion_LRWAN_V2.1.0/Middlewares/Third_Party/LoRaWAN/Mac/Region/RegionAU915.c:625:6:RegionAU915TxConfig	88	static
C:/Users/caiom/STM32CubeIDE/lorawan/STM32CubeExpansion_LRWAN_V2.1.0/Middlewares/Third_Party/LoRaWAN/Mac/Region/RegionAU915.c:657:9:RegionAU915LinkAdrReq	112	static
C:/Users/caiom/STM32CubeIDE/lorawan/STM32CubeExpansion_LRWAN_V2.1.0/Middlewares/Third_Party/LoRaWAN/Mac/Region/RegionAU915.c:820:9:RegionAU915RxParamSetupReq	16	static
C:/Users/caiom/STM32CubeIDE/lorawan/STM32CubeExpansion_LRWAN_V2.1.0/Middlewares/Third_Party/LoRaWAN/Mac/Region/RegionAU915.c:852:8:RegionAU915NewChannelReq	0	static
C:/Users/caiom/STM32CubeIDE/lorawan/STM32CubeExpansion_LRWAN_V2.1.0/Middlewares/Third_Party/LoRaWAN/Mac/Region/RegionAU915.c:858:8:RegionAU915TxParamSetupReq	0	static
C:/Users/caiom/STM32CubeIDE/lorawan/STM32CubeExpansion_LRWAN_V2.1.0/Middlewares/Third_Party/LoRaWAN/Mac/Region/RegionAU915.c:864:8:RegionAU915DlChannelReq	0	static
C:/Users/caiom/STM32CubeIDE/lorawan/STM32CubeExpansion_LRWAN_V2.1.0/Middlewares/Third_Party/LoRaWAN/Mac/Region/RegionAU915.c:870:8:RegionAU915AlternateDr	0	static
C:/Users/caiom/STM32CubeIDE/lorawan/STM32CubeExpansion_LRWAN_V2.1.0/Middlewares/Third_Party/LoRaWAN/Mac/Region/RegionAU915.c:899:17:RegionAU915NextChannel	176	static
C:/Users/caiom/STM32CubeIDE/lorawan/STM32CubeExpansion_LRWAN_V2.1.0/Middlewares/Third_Party/LoRaWAN/Mac/Region/RegionAU915.c:993:17:RegionAU915ChannelAdd	0	static
C:/Users/caiom/STM32CubeIDE/lorawan/STM32CubeExpansion_LRWAN_V2.1.0/Middlewares/Third_Party/LoRaWAN/Mac/Region/RegionAU915.c:998:6:RegionAU915ChannelsRemove	0	static
C:/Users/caiom/STM32CubeIDE/lorawan/STM32CubeExpansion_LRWAN_V2.1.0/Middlewares/Third_Party/LoRaWAN/Mac/Region/RegionAU915.c:1003:6:RegionAU915SetContinuousWave	16	static
C:/Users/caiom/STM32CubeIDE/lorawan/STM32CubeExpansion_LRWAN_V2.1.0/Middlewares/Third_Party/LoRaWAN/Mac/Region/RegionAU915.c:1017:9:RegionAU915ApplyDrOffset	8	static
C:/Users/caiom/STM32CubeIDE/lorawan/STM32CubeExpansion_LRWAN_V2.1.0/Middlewares/Third_Party/LoRaWAN/Mac/Region/RegionAU915.c:1039:6:RegionAU915RxBeaconSetup	32	static
